﻿public partial class Pet
{
	[JsonPropertyName("id")]
	public integer id { get; set; }

	[JsonPropertyName("name")]
	public string name { get; set; }

	[JsonPropertyName("tag")]
	public string tag { get; set; }

}
