== GeneratedApiClient.cs
==================================================

using Microsoft.Extensions.DependencyInjection;
using System;
using System.Collections.Generic;
using System.Linq;
using System.Net.Http;
using System.Text.Json;
using System.Threading.Tasks;

namespace Tekcari.Gapi
{
	public partial class GeneratedApiClient
	{
		public GeneratedApiClient (string baseUrl, IHttpClientFactory httpClientFactory = default)
		{
			if (string.IsNullOrEmpty(baseUrl)) throw new ArgumentNullException(nameof(baseUrl));

			_baseUrl = baseUrl.Trim('/');
			_httpClientFactory = httpClientFactory ?? GetHttpClientFactory() ?? throw new ArgumentNullException(nameof(httpClientFactory));
			Initialize();
		}
		
		/// <summary>Add a new pet to the store.</summary>
		/// <remarks>Add a new pet to the store.</remarks>
		/// <param name="customer"></param>
		public Task<Response<Customer>> AddCustomerAsync(Customer customer)
		{
			var request = new HttpRequestMessage(HttpMethod.Post, Url($"/customer"));
			request.Content = ToJson(customer);
			return SendRequestAsync<Customer>(request);
		}


		internal async Task<Response> SendRequestAsync(HttpRequestMessage request)
		{
#if DEBUG
			PrintToDebugWindow(request);
#endif
			HttpClient client = _httpClientFactory.CreateClient();
			using (HttpResponseMessage response = await client.SendAsync(request))
			{
#if DEBUG
				PrintToDebugWindow(response);
#endif
				if (response.IsSuccessStatusCode)
				{
					return new Response((int)response.StatusCode, response.ReasonPhrase);
				}
				else
				{
					System.IO.Stream json = await response.Content.ReadAsStreamAsync();
					if (json.Length == 0) return new Response((int)response.StatusCode, response.ReasonPhrase);
					else
					{
						return new Response((int)response.StatusCode, response.ReasonPhrase);
					}
				}
			}
		}

		internal async Task<Response<T>> SendRequestAsync<T>(HttpRequestMessage request)
		{
#if DEBUG
			PrintToDebugWindow(request);
#endif
			HttpClient client = _httpClientFactory.CreateClient();
			using (HttpResponseMessage response = await client.SendAsync(request))
			{
#if DEBUG
				PrintToDebugWindow(response);
#endif
				string json = await response.Content.ReadAsStringAsync();
				if (string.IsNullOrEmpty(json)) return new Response<T>(default, (int)response.StatusCode, response.ReasonPhrase);

				if (response.IsSuccessStatusCode)
				{
					return new Response<T>(
						JsonSerializer.Deserialize<T>(json, _serializerOptions),
						(int)response.StatusCode,
						response.ReasonPhrase
						);
				}
				else
				{
					return new Response<T>(default, (int)response.StatusCode, response.ReasonPhrase);
				}
			}
		}

		internal StringContent ToJson(object obj)
		{
			string json = System.Text.Json.JsonSerializer.Serialize(obj, _serializerOptions);
			return new StringContent(json, System.Text.Encoding.UTF8, "application/json");
		}

		partial void Initialize();

		#region Backing Members

		private readonly string _baseUrl;
		private readonly IHttpClientFactory _httpClientFactory;
		private JsonSerializerOptions _serializerOptions = null;

		private string Url(string path) => string.Concat(_baseUrl, path);
		private static IHttpClientFactory GetHttpClientFactory() => new ServiceCollection().AddHttpClient().BuildServiceProvider().GetService<IHttpClientFactory>();

		private static string GetQueryList(string name, object[] args) => string.Join("&", from x in args select $"{name}={args}");

		private void PrintToDebugWindow(HttpRequestMessage message)
		{
#if DEBUG
			System.Diagnostics.Debug.Write("===== HTTP Request ");
			System.Diagnostics.Debug.WriteLine(string.Concat(Enumerable.Repeat('=', 50)));
			System.Diagnostics.Debug.WriteLine($"{message.Method.Method}: {message.RequestUri}");
			System.Diagnostics.Debug.WriteLine(message.Content?.ReadAsStringAsync().Result);
			System.Diagnostics.Debug.WriteLine(string.Empty);
#endif
		}

		private void PrintToDebugWindow(HttpResponseMessage message)
		{
#if DEBUG
			System.Diagnostics.Debug.Write($"===== HTTP Response ({(int)message.StatusCode}) ");
			System.Diagnostics.Debug.WriteLine(string.Concat(Enumerable.Repeat('=', 50)));
			System.Diagnostics.Debug.WriteLine($"{message.RequestMessage.Method.Method}: {message.RequestMessage.RequestUri}");
			System.Diagnostics.Debug.WriteLine($"Status: {message.ReasonPhrase} ({(int)message.StatusCode})");
			System.Diagnostics.Debug.WriteLine(message.Content?.ReadAsStringAsync().Result);
			System.Diagnostics.Debug.WriteLine(string.Empty);
#endif
		}

		#endregion Backing Members
	}
}


