﻿/// <summary>
/// Create a pet.
/// </summary>
public async Task<ApiResponse> createPets()
{
	var request = new HttpRequestMessage(HttpMethod.Post, GetEndpoint($"/pets"));
	HttpClient client = _factory.CreateClient();
	using (HttpResponseMessage response = await client.SendAsync(request))
	{
		switch ((int)response.StatusCode)
		{
			case 201:
				return new ApiResponse((int)response.StatusCode, response.ReasonPhrase);
			default:
				return new ApiResponse<Error>(JsonSerializer.Deserialize<Error>(await response.Content.ReadAsStringAsync(), _serializerOptions), (int)response.StatusCode);
		}
	}
}
