== GeneratedApiClientTest.cs
==================================================

using Microsoft.VisualStudio.TestTools.UnitTesting;
using System;
using System.Collections.Generic;
using System.Linq;
using System.Text;
using System.Threading.Tasks;
using System.Text.RegularExpressions;

namespace Tekcari.Genapi
{
	[TestClass]
	public partial class GeneratedApiClientTest
	{
	}
}



