== Customer.cs
==================================================

using System;
using System.Text.Json.Serialization;

namespace Tekcari.Gapi
{
	public class Customer
	{
		[JsonPropertyName("id")]
		public long Id { get; set; }

		[JsonPropertyName("username")]
		public string Username { get; set; }

	}
}


