== BillingScheme.cs
==================================================

using System;
using System.Text.Json.Serialization;

namespace Tekcari.Gapi
{
	public enum BillingScheme
	{
		Value0 = 0,
		Value1 = 1,
		Value2 = 2,
	}
}


== Gender.cs
==================================================

using System;
using System.Text.Json.Serialization;

namespace Tekcari.Gapi
{
	public enum Gender
	{
		Value0 = 0,
		Value1 = 1,
		Value2 = 2,
	}
}


== LineItemType.cs
==================================================

using System;
using System.Text.Json.Serialization;

namespace Tekcari.Gapi
{
	public enum LineItemType
	{
		Value0 = 0,
		Value1 = 1,
		Value2 = 2,
		Value3 = 3,
	}
}


== ListingVisibility.cs
==================================================

using System;
using System.Text.Json.Serialization;

namespace Tekcari.Gapi
{
	public enum ListingVisibility
	{
		Value0 = 0,
		Value1 = 1,
		Value2 = 2,
	}
}


== MerchantStatus.cs
==================================================

using System;
using System.Text.Json.Serialization;

namespace Tekcari.Gapi
{
	public enum MerchantStatus
	{
		Value0 = 0,
		Value1 = 1,
		Value2 = 2,
	}
}


== PackageType.cs
==================================================

using System;
using System.Text.Json.Serialization;

namespace Tekcari.Gapi
{
	public enum PackageType
	{
		Value0 = 0,
		Value1 = 1,
		Value2 = 2,
		Value4 = 4,
		Value8 = 8,
		Value16 = 16,
	}
}


== PaymentMethod.cs
==================================================

using System;
using System.Text.Json.Serialization;

namespace Tekcari.Gapi
{
	public enum PaymentMethod
	{
		Value0 = 0,
		Value1 = 1,
		Value2 = 2,
		Value4 = 4,
		Value6 = 6,
		Value8 = 8,
		Value16 = 16,
		Value32 = 32,
	}
}


== PaymentProvider.cs
==================================================

using System;
using System.Text.Json.Serialization;

namespace Tekcari.Gapi
{
	public enum PaymentProvider
	{
		Value0 = 0,
		Value1 = 1,
		Value2 = 2,
		Value3 = 3,
	}
}


== PaymentStatus.cs
==================================================

using System;
using System.Text.Json.Serialization;

namespace Tekcari.Gapi
{
	public enum PaymentStatus
	{
		Value0 = 0,
		Value200 = 200,
		Value201 = 201,
		Value202 = 202,
		Value207 = 207,
		Value410 = 410,
		Value500 = 500,
		Value504 = 504,
	}
}


== RegistrarStatus.cs
==================================================

using System;
using System.Text.Json.Serialization;

namespace Tekcari.Gapi
{
	public enum RegistrarStatus
	{
		Value0 = 0,
		Value1 = 1,
		Value2 = 2,
	}
}


== SubscriptionStatus.cs
==================================================

using System;
using System.Text.Json.Serialization;

namespace Tekcari.Gapi
{
	public enum SubscriptionStatus
	{
		Value0 = 0,
		Value1 = 1,
		Value2 = 2,
		Value3 = 3,
		Value4 = 4,
	}
}


