== GeneratedApiClient.cs
==================================================

using Microsoft.Extensions.DependencyInjection;
using System;
using System.IO;
using System.Collections.Generic;
using System.Linq;
using System.Net.Http;
using System.Text.Json;
using System.Threading.Tasks;
using System.Text;

namespace Tekcari.Gapi
{
	public partial class GeneratedApiClient
	{
		public GeneratedApiClient(string baseUrl, JsonSerializerOptions jsonSerializerOptions = default, IHttpClientFactory httpClientFactory = default)
		{
			_baseUrl = baseUrl?.Trim('/');
			_httpClientFactory = httpClientFactory ?? GetHttpClientFactory() ?? throw new ArgumentNullException(nameof(httpClientFactory));
			_serializerOptions = jsonSerializerOptions ?? new JsonSerializerOptions
			{
				PropertyNameCaseInsensitive = true,
				PropertyNamingPolicy = JsonNamingPolicy.CamelCase,
				DefaultIgnoreCondition = JsonIgnoreCondition.WhenWritingNull
			};
			Initialize();
		}
		
		/// <summary>Update an existing pet.</summary>
		/// <remarks>Update an existing pet by Id.</remarks>
		/// <param name="pet">Update an existent pet in the store.</param>
		public Task<Response<Pet>> UpdatePetAsync(Pet pet)
		{
			var request = new HttpRequestMessage(new HttpMethod("PUT"), Url($"/pet"));
			request.Content = ToJson(pet);
			return SendRequestAsync<Pet>(request);
		}

		/// <summary>Add a new pet to the store.</summary>
		/// <remarks>Add a new pet to the store.</remarks>
		/// <param name="pet">Create a new pet in the store.</param>
		public Task<Response<Pet>> AddPetAsync(Pet pet)
		{
			var request = new HttpRequestMessage(new HttpMethod("POST"), Url($"/pet"));
			request.Content = ToJson(pet);
			return SendRequestAsync<Pet>(request);
		}

		/// <summary>Finds Pets by status.</summary>
		/// <remarks>Multiple status values can be provided with comma separated strings.</remarks>
		/// <param name="status">Status values that need to be considered for filter.</param>
		public Task<Response<Pet[]>> FindPetsByStatusAsync(string status = default)
		{
			var request = new HttpRequestMessage(new HttpMethod("GET"), Url($"/pet/findByStatus?status={status}"));
			return SendRequestAsync<Pet[]>(request);
		}

		/// <summary>Finds Pets by tags.</summary>
		/// <remarks>Multiple tags can be provided with comma separated strings. Use tag1, tag2, tag3 for testing.</remarks>
		/// <param name="tags">Tags to filter by.</param>
		public Task<Response<Pet[]>> FindPetsByTagsAsync(params string[] tags)
		{
			var request = new HttpRequestMessage(new HttpMethod("GET"), Url($"/pet/findByTags?{GetQueryList("tags", tags)}"));
			return SendRequestAsync<Pet[]>(request);
		}

		/// <summary>Find pet by ID.</summary>
		/// <remarks>Returns a single pet.</remarks>
		/// <param name="petId">ID of pet to return.</param>
		public Task<Response<Pet>> GetPetByIdAsync(long petId)
		{
			var request = new HttpRequestMessage(new HttpMethod("GET"), Url($"/pet/{petId}"));
			return SendRequestAsync<Pet>(request);
		}

		/// <summary>Updates a pet in the store with form data.</summary>
		/// <param name="petId">ID of pet that needs to be updated.</param>
		/// <param name="name">Name of pet that needs to be updated.</param>
		/// <param name="status">Status of pet that needs to be updated.</param>
		public Task<Response> UpdatePetWithFormAsync(long petId, string name = default, string status = default)
		{
			var request = new HttpRequestMessage(new HttpMethod("POST"), Url($"/pet/{petId}?name={name}&status={status}"));
			return SendRequestAsync(request);
		}

		/// <summary>Deletes a pet.</summary>
		/// <param name="petId">Pet id to delete.</param>
		/// <param name="api_key"></param>
		public Task<Response> DeletePetAsync(long petId, string api_key = default)
		{
			var request = new HttpRequestMessage(new HttpMethod("DELETE"), Url($"/pet/{petId}"));
			request.Headers.Add("api_key", api_key);
			return SendRequestAsync(request);
		}

		/// <summary>uploads an image.</summary>
		/// <param name="data"></param>
		/// <param name="petId">ID of pet to update.</param>
		/// <param name="additionalMetadata">Additional Metadata.</param>
		public Task<Response<ApiResponse>> UploadFileAsync(byte[] data, long petId, string additionalMetadata = default)
		{
			var request = new HttpRequestMessage(new HttpMethod("POST"), Url($"/pet/{petId}/uploadImage?additionalMetadata={additionalMetadata}"));
			return SendRequestAsync<ApiResponse>(request);
		}

		/// <summary>Returns pet inventories by status.</summary>
		/// <remarks>Returns a map of status codes to quantities.</remarks>
		public Task<Response<string>> GetInventoryAsync()
		{
			var request = new HttpRequestMessage(new HttpMethod("GET"), Url($"/store/inventory"));
			return SendRequestAsync<string>(request);
		}

		/// <summary>Place an order for a pet.</summary>
		/// <remarks>Place a new order in the store.</remarks>
		/// <param name="order"></param>
		public Task<Response<Order>> PlaceOrderAsync(Order order)
		{
			var request = new HttpRequestMessage(new HttpMethod("POST"), Url($"/store/order"));
			request.Content = ToJson(order);
			return SendRequestAsync<Order>(request);
		}

		/// <summary>Find purchase order by ID.</summary>
		/// <remarks>For valid response try integer IDs with value <= 5 or > 10. Other values will generated exceptions.</remarks>
		/// <param name="orderId">ID of order that needs to be fetched.</param>
		public Task<Response<Order>> GetOrderByIdAsync(long orderId)
		{
			var request = new HttpRequestMessage(new HttpMethod("GET"), Url($"/store/order/{orderId}"));
			return SendRequestAsync<Order>(request);
		}

		/// <summary>Delete purchase order by ID.</summary>
		/// <remarks>For valid response try integer IDs with value < 1000. Anything above 1000 or nonintegers will generate API errors.</remarks>
		/// <param name="orderId">ID of the order that needs to be deleted.</param>
		public Task<Response> DeleteOrderAsync(long orderId)
		{
			var request = new HttpRequestMessage(new HttpMethod("DELETE"), Url($"/store/order/{orderId}"));
			return SendRequestAsync(request);
		}

		/// <summary>Create user.</summary>
		/// <remarks>This can only be done by the logged in user.</remarks>
		/// <param name="user">Created user object.</param>
		public Task<Response> CreateUserAsync(User user)
		{
			var request = new HttpRequestMessage(new HttpMethod("POST"), Url($"/user"));
			request.Content = ToJson(user);
			return SendRequestAsync(request);
		}

		/// <summary>Creates list of users with given input array.</summary>
		/// <remarks>Creates list of users with given input array.</remarks>
		/// <param name="user"></param>
		public Task<Response<User>> CreateUsersWithListInputAsync(User[] user)
		{
			var request = new HttpRequestMessage(new HttpMethod("POST"), Url($"/user/createWithList"));
			request.Content = ToJson(user);
			return SendRequestAsync<User>(request);
		}

		/// <summary>Logs user into the system.</summary>
		/// <param name="username">The user name for login.</param>
		/// <param name="password">The password for login in clear text.</param>
		public Task<Response<string>> LoginUserAsync(string username = default, string password = default)
		{
			var request = new HttpRequestMessage(new HttpMethod("GET"), Url($"/user/login?username={username}&password={password}"));
			return SendRequestAsync<string>(request);
		}

		/// <summary>Logs out current logged in user session.</summary>
		public Task<Response> LogoutUserAsync()
		{
			var request = new HttpRequestMessage(new HttpMethod("GET"), Url($"/user/logout"));
			return SendRequestAsync(request);
		}

		/// <summary>Get user by user name.</summary>
		/// <param name="username">The name that needs to be fetched. Use user1 for testing. .</param>
		public Task<Response<User>> GetUserByNameAsync(string username)
		{
			var request = new HttpRequestMessage(new HttpMethod("GET"), Url($"/user/{username}"));
			return SendRequestAsync<User>(request);
		}

		/// <summary>Update user.</summary>
		/// <remarks>This can only be done by the logged in user.</remarks>
		/// <param name="user">Update an existent user in the store.</param>
		/// <param name="username">name that need to be deleted.</param>
		public Task<Response> UpdateUserAsync(User user, string username)
		{
			var request = new HttpRequestMessage(new HttpMethod("PUT"), Url($"/user/{username}"));
			request.Content = ToJson(user);
			return SendRequestAsync(request);
		}

		/// <summary>Delete user.</summary>
		/// <remarks>This can only be done by the logged in user.</remarks>
		/// <param name="username">The name that needs to be deleted.</param>
		public Task<Response> DeleteUserAsync(string username)
		{
			var request = new HttpRequestMessage(new HttpMethod("DELETE"), Url($"/user/{username}"));
			return SendRequestAsync(request);
		}


		internal async Task<Response> SendRequestAsync(HttpRequestMessage request)
		{
			Response auth = await Authenticate(request);
			if (auth.Failed) return auth;
#if DEBUG
			PrintToDebugWindow(request);
#endif
			HttpClient client = _httpClientFactory.CreateClient();
			using (HttpResponseMessage response = await client.SendAsync(request))
			{
#if DEBUG
				PrintToDebugWindow(response);
#endif
				if (response.IsSuccessStatusCode)
				{
					return new Response((int)response.StatusCode, response.ReasonPhrase);
				}
				else if (response.StatusCode == System.Net.HttpStatusCode.Unauthorized)
				{
					auth = await Authenticate(request, true);
					if (auth.Failed) return auth;
					return await SendRequestAsync(request);
				}
				else
				{
					string text = await response.Content.ReadAsStringAsync();
					if (text.Length == 0) return new Response((int)response.StatusCode, response.ReasonPhrase);
					else
					{
						return new Response((int)response.StatusCode, text);
					}
				}
			}
		}

		internal async Task<Response<T>> SendRequestAsync<T>(HttpRequestMessage request)
		{
			Response auth = await Authenticate(request);
			if (auth.Failed) return new Response<T>(default, auth.StatusCode, auth.Message);
#if DEBUG
			PrintToDebugWindow(request);
#endif
			HttpClient client = _httpClientFactory.CreateClient();
			using (HttpResponseMessage response = await client.SendAsync(request))
			{
#if DEBUG
				PrintToDebugWindow(response);
#endif
				string json = await response.Content.ReadAsStringAsync();
				if (string.IsNullOrEmpty(json)) return new Response<T>(default, (int)response.StatusCode, response.ReasonPhrase);

				if (response.IsSuccessStatusCode)
				{
					if (typeof(IConvertible).IsAssignableFrom(typeof(T)))
						return new Response<T>((T)Convert.ChangeType(json, typeof(T)), (int)response.StatusCode);
					else
						return new Response<T>(
							JsonSerializer.Deserialize<T>(json, _serializerOptions),
							(int)response.StatusCode,
							response.ReasonPhrase
						);
				}
				else if (response.StatusCode == System.Net.HttpStatusCode.Unauthorized)
				{
					auth = await Authenticate(request, true);
					if (auth.Failed) return new Response<T>(default, auth.StatusCode, auth.Message);
					return await SendRequestAsync<T>(request);
				}
				else
				{
					return new Response<T>(default, (int)response.StatusCode, json);
				}
			}
		}

		internal StringContent ToJson(object obj)
		{
			string json = System.Text.Json.JsonSerializer.Serialize(obj, _serializerOptions);
			return new StringContent(json, System.Text.Encoding.UTF8, "application/json");
		}

		partial void Initialize();

		private partial Task<Response> Authenticate(HttpRequestMessage request, bool force = false);

		#region Backing Members

		private readonly string _baseUrl;
		private readonly IHttpClientFactory _httpClientFactory;
		private JsonSerializerOptions _serializerOptions;

		private Uri Url(string path) => new Uri(string.Concat(_baseUrl, path), UriKind.RelativeOrAbsolute);
		private static IHttpClientFactory GetHttpClientFactory() => new ServiceCollection().AddHttpClient().BuildServiceProvider().GetService<IHttpClientFactory>();

		private static string GetQueryList(string name, object[] args) => string.Join("&", from x in args select $"{name}={args}");

		private void PrintToDebugWindow(HttpRequestMessage message)
		{
#if DEBUG
			System.Diagnostics.Debug.Write("===== HTTP Request ");
			System.Diagnostics.Debug.WriteLine(string.Concat(Enumerable.Repeat('=', 50)));
			System.Diagnostics.Debug.WriteLine($"{message.Method.Method}: {message.RequestUri}");
			System.Diagnostics.Debug.WriteLine(message.Content?.ReadAsStringAsync().Result);
			System.Diagnostics.Debug.WriteLine(string.Empty);
#endif
		}

		private void PrintToDebugWindow(HttpResponseMessage message)
		{
#if DEBUG
			System.Diagnostics.Debug.Write($"===== HTTP Response ({(int)message.StatusCode}) ");
			System.Diagnostics.Debug.WriteLine(string.Concat(Enumerable.Repeat('=', 50)));
			System.Diagnostics.Debug.WriteLine($"{message.RequestMessage.Method.Method}: {message.RequestMessage.RequestUri}");
			System.Diagnostics.Debug.WriteLine($"Status: {message.ReasonPhrase} ({(int)message.StatusCode})");
			System.Diagnostics.Debug.WriteLine(message.Content?.ReadAsStringAsync().Result);
			System.Diagnostics.Debug.WriteLine(string.Empty);
#endif
		}

		#endregion Backing Members
	}
}


